Archive member included to satisfy reference by file (symbol)

c:/st/stm32cubeide_1.4.0/stm32cubeide/plugins/com.st.stm32cube.ide.mcu.externaltools.gnu-tools-for-stm32.7-2018-q2-update.win32_1.4.0.202007081208/tools/bin/../lib/gcc/arm-none-eabi/7.3.1/../../../../arm-none-eabi/lib/thumb/v7-m\libc_nano.a(lib_a-errno.o)
                              Src/syscalls.o (__errno)
c:/st/stm32cubeide_1.4.0/stm32cubeide/plugins/com.st.stm32cube.ide.mcu.externaltools.gnu-tools-for-stm32.7-2018-q2-update.win32_1.4.0.202007081208/tools/bin/../lib/gcc/arm-none-eabi/7.3.1/../../../../arm-none-eabi/lib/thumb/v7-m\libc_nano.a(lib_a-exit.o)
                              c:/st/stm32cubeide_1.4.0/stm32cubeide/plugins/com.st.stm32cube.ide.mcu.externaltools.gnu-tools-for-stm32.7-2018-q2-update.win32_1.4.0.202007081208/tools/bin/../lib/gcc/arm-none-eabi/7.3.1/../../../../arm-none-eabi/lib/thumb/v7-m/crt0.o (exit)
c:/st/stm32cubeide_1.4.0/stm32cubeide/plugins/com.st.stm32cube.ide.mcu.externaltools.gnu-tools-for-stm32.7-2018-q2-update.win32_1.4.0.202007081208/tools/bin/../lib/gcc/arm-none-eabi/7.3.1/../../../../arm-none-eabi/lib/thumb/v7-m\libc_nano.a(lib_a-impure.o)
                              c:/st/stm32cubeide_1.4.0/stm32cubeide/plugins/com.st.stm32cube.ide.mcu.externaltools.gnu-tools-for-stm32.7-2018-q2-update.win32_1.4.0.202007081208/tools/bin/../lib/gcc/arm-none-eabi/7.3.1/../../../../arm-none-eabi/lib/thumb/v7-m\libc_nano.a(lib_a-exit.o) (_global_impure_ptr)
c:/st/stm32cubeide_1.4.0/stm32cubeide/plugins/com.st.stm32cube.ide.mcu.externaltools.gnu-tools-for-stm32.7-2018-q2-update.win32_1.4.0.202007081208/tools/bin/../lib/gcc/arm-none-eabi/7.3.1/../../../../arm-none-eabi/lib/thumb/v7-m\libc_nano.a(lib_a-init.o)
                              c:/st/stm32cubeide_1.4.0/stm32cubeide/plugins/com.st.stm32cube.ide.mcu.externaltools.gnu-tools-for-stm32.7-2018-q2-update.win32_1.4.0.202007081208/tools/bin/../lib/gcc/arm-none-eabi/7.3.1/../../../../arm-none-eabi/lib/thumb/v7-m/crt0.o (__libc_init_array)
c:/st/stm32cubeide_1.4.0/stm32cubeide/plugins/com.st.stm32cube.ide.mcu.externaltools.gnu-tools-for-stm32.7-2018-q2-update.win32_1.4.0.202007081208/tools/bin/../lib/gcc/arm-none-eabi/7.3.1/../../../../arm-none-eabi/lib/thumb/v7-m\libc_nano.a(lib_a-memcpy-stub.o)
                              FreeRTOS/queue.o (memcpy)
c:/st/stm32cubeide_1.4.0/stm32cubeide/plugins/com.st.stm32cube.ide.mcu.externaltools.gnu-tools-for-stm32.7-2018-q2-update.win32_1.4.0.202007081208/tools/bin/../lib/gcc/arm-none-eabi/7.3.1/../../../../arm-none-eabi/lib/thumb/v7-m\libc_nano.a(lib_a-memset.o)
                              c:/st/stm32cubeide_1.4.0/stm32cubeide/plugins/com.st.stm32cube.ide.mcu.externaltools.gnu-tools-for-stm32.7-2018-q2-update.win32_1.4.0.202007081208/tools/bin/../lib/gcc/arm-none-eabi/7.3.1/../../../../arm-none-eabi/lib/thumb/v7-m/crt0.o (memset)
c:/st/stm32cubeide_1.4.0/stm32cubeide/plugins/com.st.stm32cube.ide.mcu.externaltools.gnu-tools-for-stm32.7-2018-q2-update.win32_1.4.0.202007081208/tools/bin/../lib/gcc/arm-none-eabi/7.3.1/../../../../arm-none-eabi/lib/thumb/v7-m\libm.a(lib_a-w_fmod.o)
                              RSA_Algorithm/RSA_Algorithm.o (fmod)
c:/st/stm32cubeide_1.4.0/stm32cubeide/plugins/com.st.stm32cube.ide.mcu.externaltools.gnu-tools-for-stm32.7-2018-q2-update.win32_1.4.0.202007081208/tools/bin/../lib/gcc/arm-none-eabi/7.3.1/../../../../arm-none-eabi/lib/thumb/v7-m\libm.a(lib_a-w_pow.o)
                              RSA_Algorithm/RSA_Algorithm.o (pow)
c:/st/stm32cubeide_1.4.0/stm32cubeide/plugins/com.st.stm32cube.ide.mcu.externaltools.gnu-tools-for-stm32.7-2018-q2-update.win32_1.4.0.202007081208/tools/bin/../lib/gcc/arm-none-eabi/7.3.1/../../../../arm-none-eabi/lib/thumb/v7-m\libm.a(lib_a-e_fmod.o)
                              c:/st/stm32cubeide_1.4.0/stm32cubeide/plugins/com.st.stm32cube.ide.mcu.externaltools.gnu-tools-for-stm32.7-2018-q2-update.win32_1.4.0.202007081208/tools/bin/../lib/gcc/arm-none-eabi/7.3.1/../../../../arm-none-eabi/lib/thumb/v7-m\libm.a(lib_a-w_fmod.o) (__ieee754_fmod)
c:/st/stm32cubeide_1.4.0/stm32cubeide/plugins/com.st.stm32cube.ide.mcu.externaltools.gnu-tools-for-stm32.7-2018-q2-update.win32_1.4.0.202007081208/tools/bin/../lib/gcc/arm-none-eabi/7.3.1/../../../../arm-none-eabi/lib/thumb/v7-m\libm.a(lib_a-e_pow.o)
                              c:/st/stm32cubeide_1.4.0/stm32cubeide/plugins/com.st.stm32cube.ide.mcu.externaltools.gnu-tools-for-stm32.7-2018-q2-update.win32_1.4.0.202007081208/tools/bin/../lib/gcc/arm-none-eabi/7.3.1/../../../../arm-none-eabi/lib/thumb/v7-m\libm.a(lib_a-w_pow.o) (__ieee754_pow)
c:/st/stm32cubeide_1.4.0/stm32cubeide/plugins/com.st.stm32cube.ide.mcu.externaltools.gnu-tools-for-stm32.7-2018-q2-update.win32_1.4.0.202007081208/tools/bin/../lib/gcc/arm-none-eabi/7.3.1/../../../../arm-none-eabi/lib/thumb/v7-m\libm.a(lib_a-e_sqrt.o)
[...]
Memory Configuration

Name             Origin             Length             Attributes
RAM              0x0000000020000000 0x0000000000002800 xrw
ROM              0x0000000008000000 0x0000000000008000 xr
*default*        0x0000000000000000 0xffffffffffffffff

Linker script and memory map

LOAD c:/st/stm32cubeide_1.4.0/stm32cubeide/plugins/com.st.stm32cube.ide.mcu.externaltools.gnu-tools-for-stm32.7-2018-q2-update.win32_1.4.0.202007081208/tools/bin/../lib/gcc/arm-none-eabi/7.3.1/thumb/v7-m/crti.o
LOAD c:/st/stm32cubeide_1.4.0/stm32cubeide/plugins/com.st.stm32cube.ide.mcu.externaltools.gnu-tools-for-stm32.7-2018-q2-update.win32_1.4.0.202007081208/tools/bin/../lib/gcc/arm-none-eabi/7.3.1/thumb/v7-m/crtbegin.o
LOAD c:/st/stm32cubeide_1.4.0/stm32cubeide/plugins/com.st.stm32cube.ide.mcu.externaltools.gnu-tools-for-stm32.7-2018-q2-update.win32_1.4.0.202007081208/tools/bin/../lib/gcc/arm-none-eabi/7.3.1/../../../../arm-none-eabi/lib/thumb/v7-m/crt0.o
LOAD FreeRTOS/croutine.o
LOAD FreeRTOS/event_groups.o
LOAD FreeRTOS/list.o
LOAD FreeRTOS/queue.o
LOAD FreeRTOS/stream_buffer.o
LOAD FreeRTOS/tasks.o
LOAD FreeRTOS/timers.o
LOAD FreeRTOS/portable/GCC/ARM_CM3/port.o
LOAD FreeRTOS/portable/MemMang/heap_4.o
LOAD RSA_Algorithm/RSA_Algorithm.o
LOAD STM32f103_Drivers/EXTI_DRIVER.o
LOAD STM32f103_Drivers/STM32F103C6_DMA.o
LOAD STM32f103_Drivers/STM32F103C6_USART_DRIVERS.o
LOAD STM32f103_Drivers/STM32_F103C6_GPIO_DRIVERS.o
LOAD STM32f103_Drivers/STM32_F103C6_RCC_DRIVERS.o
LOAD STM32f103_Drivers/Timer.o
LOAD Src/main.o
LOAD Src/syscalls.o
LOAD Src/sysmem.o
LOAD Startup/startup_stm32f103c6tx.o
START GROUP
LOAD c:/st/stm32cubeide_1.4.0/stm32cubeide/plugins/com.st.stm32cube.ide.mcu.externaltools.gnu-tools-for-stm32.7-2018-q2-update.win32_1.4.0.202007081208/tools/bin/../lib/gcc/arm-none-eabi/7.3.1/../../../../arm-none-eabi/lib/thumb/v7-m\libc_nano.a
LOAD c:/st/stm32cubeide_1.4.0/stm32cubeide/plugins/com.st.stm32cube.ide.mcu.externaltools.gnu-tools-for-stm32.7-2018-q2-update.win32_1.4.0.202007081208/tools/bin/../lib/gcc/arm-none-eabi/7.3.1/../../../../arm-none-eabi/lib/thumb/v7-m\libm.a
END GROUP
START GROUP
LOAD c:/st/stm32cubeide_1.4.0/stm32cubeide/plugins/com.st.stm32cube.ide.mcu.externaltools.gnu-tools-for-stm32.7-2018-q2-update.win32_1.4.0.202007081208/tools/bin/../lib/gcc/arm-none-eabi/7.3.1/thumb/v7-m\libgcc.a
LOAD c:/st/stm32cubeide_1.4.0/stm32cubeide/plugins/com.st.stm32cube.ide.mcu.externaltools.gnu-tools-for-stm32.7-2018-q2-update.win32_1.4.0.202007081208/tools/bin/../lib/gcc/arm-none-eabi/7.3.1/../../../../arm-none-eabi/lib/thumb/v7-m\libc_nano.a
END GROUP
START GROUP
LOAD c:/st/stm32cubeide_1.4.0/stm32cubeide/plugins/com.st.stm32cube.ide.mcu.externaltools.gnu-tools-for-stm32.7-2018-q2-update.win32_1.4.0.202007081208/tools/bin/../lib/gcc/arm-none-eabi/7.3.1/thumb/v7-m\libgcc.a
LOAD c:/st/stm32cubeide_1.4.0/stm32cubeide/plugins/com.st.stm32cube.ide.mcu.externaltools.gnu-tools-for-stm32.7-2018-q2-update.win32_1.4.0.202007081208/tools/bin/../lib/gcc/arm-none-eabi/7.3.1/../../../../arm-none-eabi/lib/thumb/v7-m\libc_nano.a
LOAD c:/st/stm32cubeide_1.4.0/stm32cubeide/plugins/com.st.stm32cube.ide.mcu.externaltools.gnu-tools-for-stm32.7-2018-q2-update.win32_1.4.0.202007081208/tools/bin/../lib/gcc/arm-none-eabi/7.3.1/../../../../arm-none-eabi/lib/thumb/v7-m\libnosys.a
END GROUP
START GROUP
LOAD c:/st/stm32cubeide_1.4.0/stm32cubeide/plugins/com.st.stm32cube.ide.mcu.externaltools.gnu-tools-for-stm32.7-2018-q2-update.win32_1.4.0.202007081208/tools/bin/../lib/gcc/arm-none-eabi/7.3.1/thumb/v7-m\libgcc.a
LOAD c:/st/stm32cubeide_1.4.0/stm32cubeide/plugins/com.st.stm32cube.ide.mcu.externaltools.gnu-tools-for-stm32.7-2018-q2-update.win32_1.4.0.202007081208/tools/bin/../lib/gcc/arm-none-eabi/7.3.1/../../../../arm-none-eabi/lib/thumb/v7-m\libc_nano.a
LOAD c:/st/stm32cubeide_1.4.0/stm32cubeide/plugins/com.st.stm32cube.ide.mcu.externaltools.gnu-tools-for-stm32.7-2018-q2-update.win32_1.4.0.202007081208/tools/bin/../lib/gcc/arm-none-eabi/7.3.1/../../../../arm-none-eabi/lib/thumb/v7-m\libnosys.a
END GROUP
LOAD c:/st/stm32cubeide_1.4.0/stm32cubeide/plugins/com.st.stm32cube.ide.mcu.externaltools.gnu-tools-for-stm32.7-2018-q2-update.win32_1.4.0.202007081208/tools/bin/../lib/gcc/arm-none-eabi/7.3.1/thumb/v7-m/crtend.o
LOAD c:/st/stm32cubeide_1.4.0/stm32cubeide/plugins/com.st.stm32cube.ide.mcu.externaltools.gnu-tools-for-stm32.7-2018-q2-update.win32_1.4.0.202007081208/tools/bin/../lib/gcc/arm-none-eabi/7.3.1/thumb/v7-m/crtn.o
                0x0000000020002800                _estack = (ORIGIN (RAM) + LENGTH (RAM))
                0x0000000000000200                _Min_Heap_Size = 0x200
                0x0000000000000400                _Min_Stack_Size = 0x400

.isr_vector     0x0000000008000000      0x130
                0x0000000008000000                . = ALIGN (0x4)
 *(.isr_vector)
 .isr_vector    0x0000000008000000      0x130 Startup/startup_stm32f103c6tx.o
                0x0000000008000000                g_pfnVectors
                0x0000000008000130                . = ALIGN (0x4)

.text           0x0000000008000130     0x3f10
                0x0000000008000130                . = ALIGN (0x4)
 *(.text)
 .text          0x0000000008000130       0x40 c:/st/stm32cubeide_1.4.0/stm32cubeide/plugins/com.st.stm32cube.ide.mcu.externaltools.gnu-tools-for-stm32.7-2018-q2-update.win32_1.4.0.202007081208/tools/bin/../lib/gcc/arm-none-eabi/7.3.1/thumb/v7-m/crtbegin.o
 .text          0x0000000008000170      0x378 c:/st/stm32cubeide_1.4.0/stm32cubeide/plugins/com.st.stm32cube.ide.mcu.externaltools.gnu-tools-for-stm32.7-2018-q2-update.win32_1.4.0.202007081208/tools/bin/../lib/gcc/arm-none-eabi/7.3.1/thumb/v7-m\libgcc.a(_arm_addsubdf3.o)
                0x0000000008000170                __aeabi_drsub
                0x0000000008000178                __aeabi_dsub
                0x0000000008000178                __subdf3
                0x000000000800017c                __aeabi_dadd
                0x000000000800017c                __adddf3
                0x00000000080003f4                __floatunsidf
                0x00000000080003f4                __aeabi_ui2d
                0x0000000008000414                __floatsidf
                0x0000000008000414                __aeabi_i2d
                0x0000000008000438                __aeabi_f2d
                0x0000000008000438                __extendsfdf2
                0x000000000800047c                __floatundidf
                0x000000000800047c                __aeabi_ul2d
                0x000000000800048c                __floatdidf
                0x000000000800048c                __aeabi_l2d
 .text          0x00000000080004e8      0x424 c:/st/stm32cubeide_1.4.0/stm32cubeide/plugins/com.st.stm32cube.ide.mcu.externaltools.gnu-tools-for-stm32.7-2018-q2-update.win32_1.4.0.202007081208/tools/bin/../lib/gcc/arm-none-eabi/7.3.1/thumb/v7-m\libgcc.a(_arm_muldivdf3.o)
                0x00000000080004e8                __aeabi_dmul
                0x00000000080004e8                __muldf3
                0x000000000800073c                __divdf3
                0x000000000800073c                __aeabi_ddiv
 .text          0x000000000800090c      0x110 c:/st/stm32cubeide_1.4.0/stm32cubeide/plugins/com.st.stm32cube.ide.mcu.externaltools.gnu-tools-for-stm32.7-2018-q2-update.win32_1.4.0.202007081208/tools/bin/../lib/gcc/arm-none-eabi/7.3.1/thumb/v7-m\libgcc.a(_arm_cmpdf2.o)
                0x000000000800090c                __gtdf2
                0x000000000800090c                __gedf2
                0x0000000008000914                __ltdf2
                0x0000000008000914                __ledf2
                0x000000000800091c                __nedf2
                0x000000000800091c                __eqdf2
                0x000000000800091c                __cmpdf2
                0x0000000008000998                __aeabi_cdrcmple
                0x00000000080009a8                __aeabi_cdcmpeq
                0x00000000080009a8                __aeabi_cdcmple
                0x00000000080009b8                __aeabi_dcmpeq
                0x00000000080009cc                __aeabi_dcmplt
                0x00000000080009e0                __aeabi_dcmple
                0x00000000080009f4                __aeabi_dcmpge
                0x0000000008000a08                __aeabi_dcmpgt
 .text          0x0000000008000a1c       0x2c c:/st/stm32cubeide_1.4.0/stm32cubeide/plugins/com.st.stm32cube.ide.mcu.externaltools.gnu-tools-for-stm32.7-2018-q2-update.win32_1.4.0.202007081208/tools/bin/../lib/gcc/arm-none-eabi/7.3.1/thumb/v7-m\libgcc.a(_arm_unorddf2.o)
                0x0000000008000a1c                __unorddf2
                0x0000000008000a1c                __aeabi_dcmpun
 .text          0x0000000008000a48       0x50 c:/st/stm32cubeide_1.4.0/stm32cubeide/plugins/com.st.stm32cube.ide.mcu.externaltools.gnu-tools-for-stm32.7-2018-q2-update.win32_1.4.0.202007081208/tools/bin/../lib/gcc/arm-none-eabi/7.3.1/thumb/v7-m\libgcc.a(_arm_fixdfsi.o)
                0x0000000008000a48                __aeabi_d2iz
                0x0000000008000a48                __fixdfsi
 .text          0x0000000008000a98       0x40 c:/st/stm32cubeide_1.4.0/stm32cubeide/plugins/com.st.stm32cube.ide.mcu.externaltools.gnu-tools-for-stm32.7-2018-q2-update.win32_1.4.0.202007081208/tools/bin/../lib/gcc/arm-none-eabi/7.3.1/thumb/v7-m\libgcc.a(_arm_fixunsdfsi.o)
                0x0000000008000a98                __aeabi_d2uiz
                0x0000000008000a98                __fixunsdfsi
 *(.text*)
 .text.vListInitialise
                0x0000000008000ad8       0x3e FreeRTOS/list.o
                0x0000000008000ad8                vListInitialise
 .text.vListInitialiseItem
                0x0000000008000b16       0x18 FreeRTOS/list.o
                0x0000000008000b16                vListInitialiseItem
 .text.vListInsert
                0x0000000008000b2e       0x70 FreeRTOS/list.o
                0x0000000008000b2e                vListInsert
 .text.uxListRemove
                0x0000000008000b9e       0x52 FreeRTOS/list.o
                0x0000000008000b9e                uxListRemove
 .text.xQueueGenericReset
                0x0000000008000bf0       0xf4 FreeRTOS/queue.o
                0x0000000008000bf0                xQueueGenericReset
 .text.xQueueGenericCreate
                0x0000000008000ce4       0x8a FreeRTOS/queue.o
                0x0000000008000ce4                xQueueGenericCreate
 .text.prvInitialiseNewQueue
                0x0000000008000d6e       0x3e FreeRTOS/queue.o
 .text.xQueueGenericSend
                0x0000000008000dac      0x154 FreeRTOS/queue.o
                0x0000000008000dac                xQueueGenericSend
 .text.xQueueSemaphoreTake
                0x0000000008000f00      0x13c FreeRTOS/queue.o
                0x0000000008000f00                xQueueSemaphoreTake
 .text.prvCopyDataToQueue
                0x000000000800103c       0xb8 FreeRTOS/queue.o
 .text.prvUnlockQueue
                0x00000000080010f4       0xa4 FreeRTOS/queue.o
 .text.prvIsQueueEmpty
                0x0000000008001198       0x2c FreeRTOS/queue.o
 .text.prvIsQueueFull
                0x00000000080011c4       0x30 FreeRTOS/queue.o
 .text.xTaskCreate
                0x00000000080011f4       0x82 FreeRTOS/tasks.o
                0x00000000080011f4                xTaskCreate
 .text.prvInitialiseNewTask
                0x0000000008001276       0xf0 FreeRTOS/tasks.o
 *fill*         0x0000000008001366        0x2 
 .text.prvAddNewTaskToReadyList
                0x0000000008001368      0x124 FreeRTOS/tasks.o
 .text.vTaskStartScheduler
                0x000000000800148c       0x74 FreeRTOS/tasks.o
                0x000000000800148c                vTaskStartScheduler
 .text.vTaskSuspendAll
                0x0000000008001500       0x1c FreeRTOS/tasks.o
                0x0000000008001500                vTaskSuspendAll
 .text.xTaskResumeAll
                0x000000000800151c      0x1d8 FreeRTOS/tasks.o
                0x000000000800151c                xTaskResumeAll
 .text.xTaskIncrementTick
                0x00000000080016f4      0x20c FreeRTOS/tasks.o
                0x00000000080016f4                xTaskIncrementTick
 .text.vTaskSwitchContext
                0x0000000008001900       0x8c FreeRTOS/tasks.o
                0x0000000008001900                vTaskSwitchContext
 .text.vTaskPlaceOnEventList
                0x000000000800198c       0x2c FreeRTOS/tasks.o
                0x000000000800198c                vTaskPlaceOnEventList
 .text.xTaskRemoveFromEventList
                0x00000000080019b8      0x190 FreeRTOS/tasks.o
                0x00000000080019b8                xTaskRemoveFromEventList
 .text.vTaskInternalSetTimeOutState
                0x0000000008001b48       0x2c FreeRTOS/tasks.o
                0x0000000008001b48                vTaskInternalSetTimeOutState
 .text.xTaskCheckForTimeOut
                0x0000000008001b74       0x94 FreeRTOS/tasks.o
                0x0000000008001b74                xTaskCheckForTimeOut
 .text.vTaskMissedYield
                0x0000000008001c08       0x18 FreeRTOS/tasks.o
                0x0000000008001c08                vTaskMissedYield
 .text.prvIdleTask
                0x0000000008001c20       0x30 FreeRTOS/tasks.o
 .text.prvInitialiseTaskLists
                0x0000000008001c50       0x80 FreeRTOS/tasks.o
 .text.prvCheckTasksWaitingTermination
                0x0000000008001cd0       0x58 FreeRTOS/tasks.o
 .text.prvDeleteTCB
                0x0000000008001d28       0x20 FreeRTOS/tasks.o
 .text.prvResetNextTaskUnblockTime
                0x0000000008001d48       0x34 FreeRTOS/tasks.o
 .text.prvAddCurrentTaskToDelayedList
                0x0000000008001d7c      0x100 FreeRTOS/tasks.o
 .text.pxPortInitialiseStack
                0x0000000008001e7c       0x58 FreeRTOS/portable/GCC/ARM_CM3/port.o
                0x0000000008001e7c                pxPortInitialiseStack
 .text.prvTaskExitError
                0x0000000008001ed4       0x2e FreeRTOS/portable/GCC/ARM_CM3/port.o
 *fill*         0x0000000008001f02        0xe 
 .text.SVC_Handler
                0x0000000008001f10       0x28 FreeRTOS/portable/GCC/ARM_CM3/port.o
                0x0000000008001f10                SVC_Handler
 .text.prvPortStartFirstTask
                0x0000000008001f38       0x24 FreeRTOS/portable/GCC/ARM_CM3/port.o
 .text.xPortStartScheduler
                0x0000000008001f5c       0x40 FreeRTOS/portable/GCC/ARM_CM3/port.o
                0x0000000008001f5c                xPortStartScheduler
 .text.vPortEnterCritical
                0x0000000008001f9c       0x30 FreeRTOS/portable/GCC/ARM_CM3/port.o
                0x0000000008001f9c                vPortEnterCritical
 .text.vPortExitCritical
                0x0000000008001fcc       0x30 FreeRTOS/portable/GCC/ARM_CM3/port.o
                0x0000000008001fcc                vPortExitCritical
 *fill*         0x0000000008001ffc        0x4 
 .text.PendSV_Handler
                0x0000000008002000       0x48 FreeRTOS/portable/GCC/ARM_CM3/port.o
                0x0000000008002000                PendSV_Handler
 .text.SysTick_Handler
                0x0000000008002048       0x40 FreeRTOS/portable/GCC/ARM_CM3/port.o
                0x0000000008002048                SysTick_Handler
 .text.vPortSetupTimerInterrupt
                0x0000000008002088       0x34 FreeRTOS/portable/GCC/ARM_CM3/port.o
                0x0000000008002088                vPortSetupTimerInterrupt
 .text.pvPortMalloc
                0x00000000080020bc      0x15c FreeRTOS/portable/MemMang/heap_4.o
                0x00000000080020bc                pvPortMalloc
 .text.vPortFree
                0x0000000008002218       0x80 FreeRTOS/portable/MemMang/heap_4.o
                0x0000000008002218                vPortFree
 .text.prvHeapInit
                0x0000000008002298       0xc4 FreeRTOS/portable/MemMang/heap_4.o
 .text.prvInsertBlockIntoFreeList
                0x000000000800235c       0xb0 FreeRTOS/portable/MemMang/heap_4.o
 .text.RSA_Encryption
                0x000000000800240c       0x48 RSA_Algorithm/RSA_Algorithm.o
                0x000000000800240c                RSA_Encryption
 .text.RSA_Calc_Euler
                0x0000000008002454       0x58 RSA_Algorithm/RSA_Algorithm.o
                0x0000000008002454                RSA_Calc_Euler
 .text.RSA_Calc_N
                0x00000000080024ac       0x34 RSA_Algorithm/RSA_Algorithm.o
                0x00000000080024ac                RSA_Calc_N
 .text.gcd      0x00000000080024e0       0x3a RSA_Algorithm/RSA_Algorithm.o
                0x00000000080024e0                gcd
 *fill*         0x000000000800251a        0x2 
 .text.RSA_Generate_e
                0x000000000800251c       0xa4 RSA_Algorithm/RSA_Algorithm.o
                0x000000000800251c                RSA_Generate_e
 .text.RSA_Decryption_Calc_d
                0x00000000080025c0       0x54 RSA_Algorithm/RSA_Algorithm.o
                0x00000000080025c0                RSA_Decryption_Calc_d
 .text.EXTI0_IRQHandler
                0x0000000008002614       0x24 STM32f103_Drivers/EXTI_DRIVER.o
                0x0000000008002614                EXTI0_IRQHandler
 .text.EXTI1_IRQHandler
                0x0000000008002638       0x24 STM32f103_Drivers/EXTI_DRIVER.o
                0x0000000008002638                EXTI1_IRQHandler
 .text.EXTI2_IRQHandler
                0x000000000800265c       0x24 STM32f103_Drivers/EXTI_DRIVER.o
                0x000000000800265c                EXTI2_IRQHandler
 .text.EXTI3_IRQHandler
                0x0000000008002680       0x24 STM32f103_Drivers/EXTI_DRIVER.o
                0x0000000008002680                EXTI3_IRQHandler
 .text.EXTI4_IRQHandler
                0x00000000080026a4       0x24 STM32f103_Drivers/EXTI_DRIVER.o
                0x00000000080026a4                EXTI4_IRQHandler
 .text.EXTI9_5_IRQHandler
                0x00000000080026c8       0xa8 STM32f103_Drivers/EXTI_DRIVER.o
                0x00000000080026c8                EXTI9_5_IRQHandler
 .text.EXTI15_10_IRQHandler
                0x0000000008002770       0x1c STM32f103_Drivers/EXTI_DRIVER.o
                0x0000000008002770                EXTI15_10_IRQHandler
 .text.DMA_Wait_transmite_done
                0x000000000800278c       0x24 STM32f103_Drivers/STM32F103C6_DMA.o
                0x000000000800278c                DMA_Wait_transmite_done
 .text.MCAL_DMA_INIT
                0x00000000080027b0       0xf0 STM32f103_Drivers/STM32F103C6_DMA.o
                0x00000000080027b0                MCAL_DMA_INIT
 .text.MCAL_DMA_COPY_MEMORY2MEMORY
                0x00000000080028a0       0x68 STM32f103_Drivers/STM32F103C6_DMA.o
                0x00000000080028a0                MCAL_DMA_COPY_MEMORY2MEMORY
 .text.MCAL_DMA_TRIGGER_CH_EN
                0x0000000008002908       0x2c STM32f103_Drivers/STM32F103C6_DMA.o
                0x0000000008002908                MCAL_DMA_TRIGGER_CH_EN
 .text.MCAL_DMA_CH_DIS
                0x0000000008002934       0x28 STM32f103_Drivers/STM32F103C6_DMA.o
                0x0000000008002934                MCAL_DMA_CH_DIS
 .text.USART1_IRQHandler
                0x000000000800295c       0x14 STM32f103_Drivers/STM32F103C6_USART_DRIVERS.o
                0x000000000800295c                USART1_IRQHandler
 .text.USART2_IRQHandler
                0x0000000008002970       0x14 STM32f103_Drivers/STM32F103C6_USART_DRIVERS.o
                0x0000000008002970                USART2_IRQHandler
 .text.USART3_IRQHandler
                0x0000000008002984       0x14 STM32f103_Drivers/STM32F103C6_USART_DRIVERS.o
                0x0000000008002984                USART3_IRQHandler
 .text.DMA1_Channel1_IRQHandler
                0x0000000008002998       0x4c Src/main.o
                0x0000000008002998                DMA1_Channel1_IRQHandler
 .text.RSA_Calc_Init
                0x00000000080029e4       0x94 Src/main.o
                0x00000000080029e4                RSA_Calc_Init
 .text.main     0x0000000008002a78       0xd4 Src/main.o
                0x0000000008002a78                main
 .text.DMA_COPY_MEMORY2MEMORY
                0x0000000008002b4c       0x58 Src/main.o
                0x0000000008002b4c                DMA_COPY_MEMORY2MEMORY
 .text.EncryptionTask2
                0x0000000008002ba4       0x94 Src/main.o
                0x0000000008002ba4                EncryptionTask2
 .text.Reset_Handler
                0x0000000008002c38       0x50 Startup/startup_stm32f103c6tx.o
                0x0000000008002c38                Reset_Handler
 .text.Default_Handler
                0x0000000008002c88        0x2 Startup/startup_stm32f103c6tx.o
                0x0000000008002c88                TIM8_TRG_COM_IRQHandler
                0x0000000008002c88                TIM8_CC_IRQHandler
                0x0000000008002c88                DebugMon_Handler
                0x0000000008002c88                TIM1_CC_IRQHandler
                0x0000000008002c88                HardFault_Handler
                0x0000000008002c88                TIM6_IRQHandler
                0x0000000008002c88                PVD_IRQHandler
                0x0000000008002c88                SDIO_IRQHandler
                0x0000000008002c88                NMI_Handler
                0x0000000008002c88                USB_HP_CAN_TX_IRQHandler
                0x0000000008002c88                I2C2_EV_IRQHandler
                0x0000000008002c88                UsageFault_Handler
                0x0000000008002c88                ADC1_2_IRQHandler
                0x0000000008002c88                SPI1_IRQHandler
                0x0000000008002c88                CAN_SCE_IRQHandler
                0x0000000008002c88                TAMPER_IRQHandler
                0x0000000008002c88                TIM8_UP_IRQHandler
                0x0000000008002c88                DMA2_Channel2_IRQHandler
                0x0000000008002c88                DMA1_Channel4_IRQHandler
                0x0000000008002c88                RTC_IRQHandler
                0x0000000008002c88                DMA1_Channel7_IRQHandler
                0x0000000008002c88                UART5_IRQHandler
                0x0000000008002c88                ADC3_IRQHandler
                0x0000000008002c88                TIM4_IRQHandler
                0x0000000008002c88                CAN_RX1_IRQHandler
                0x0000000008002c88                DMA2_Channel1_IRQHandler
                0x0000000008002c88                I2C1_EV_IRQHandler
                0x0000000008002c88                DMA1_Channel6_IRQHandler
                0x0000000008002c88                UART4_IRQHandler
                0x0000000008002c88                TIM3_IRQHandler
                0x0000000008002c88                RCC_IRQHandler
                0x0000000008002c88                TIM1_TRG_COM_IRQHandler
                0x0000000008002c88                Default_Handler
                0x0000000008002c88                TIM7_IRQHandler
                0x0000000008002c88                TIM5_IRQHandler
                0x0000000008002c88                SPI2_IRQHandler
                0x0000000008002c88                USB_LP_CAN_RX0_IRQHandler
                0x0000000008002c88                MemManage_Handler
                0x0000000008002c88                DMA1_Channel5_IRQHandler
                0x0000000008002c88                DMA1_Channel3_IRQHandler
                0x0000000008002c88                FSMC_IRQHandler
                0x0000000008002c88                TIM1_UP_IRQHandler
                0x0000000008002c88                WWDG_IRQHandler
                0x0000000008002c88                TIM2_IRQHandler
                0x0000000008002c88                TIM1_BRK_IRQHandler
                0x0000000008002c88                RTCAlarm_IRQHandler
                0x0000000008002c88                DMA2_Channel4_5_IRQHandler
                0x0000000008002c88                I2C2_ER_IRQHandler
                0x0000000008002c88                DMA1_Channel2_IRQHandler
                0x0000000008002c88                TIM8_BRK_IRQHandler
                0x0000000008002c88                FLASH_IRQHandler
                0x0000000008002c88                BusFault_Handler
                0x0000000008002c88                SPI3_IRQHandler
                0x0000000008002c88                I2C1_ER_IRQHandler
                0x0000000008002c88                DMA2_Channel3_IRQHandler
 *fill*         0x0000000008002c8a        0x2 
 .text.__errno  0x0000000008002c8c        0xc c:/st/stm32cubeide_1.4.0/stm32cubeide/plugins/com.st.stm32cube.ide.mcu.externaltools.gnu-tools-for-stm32.7-2018-q2-update.win32_1.4.0.202007081208/tools/bin/../lib/gcc/arm-none-eabi/7.3.1/../../../../arm-none-eabi/lib/thumb/v7-m\libc_nano.a(lib_a-errno.o)
                0x0000000008002c8c                __errno
 .text.__libc_init_array
                0x0000000008002c98       0x48 c:/st/stm32cubeide_1.4.0/stm32cubeide/plugins/com.st.stm32cube.ide.mcu.externaltools.gnu-tools-for-stm32.7-2018-q2-update.win32_1.4.0.202007081208/tools/bin/../lib/gcc/arm-none-eabi/7.3.1/../../../../arm-none-eabi/lib/thumb/v7-m\libc_nano.a(lib_a-init.o)
                0x0000000008002c98                __libc_init_array
 .text.memcpy   0x0000000008002ce0       0x16 c:/st/stm32cubeide_1.4.0/stm32cubeide/plugins/com.st.stm32cube.ide.mcu.externaltools.gnu-tools-for-stm32.7-2018-q2-update.win32_1.4.0.202007081208/tools/bin/../lib/gcc/arm-none-eabi/7.3.1/../../../../arm-none-eabi/lib/thumb/v7-m\libc_nano.a(lib_a-memcpy-stub.o)
                0x0000000008002ce0                memcpy
 .text.memset   0x0000000008002cf6       0x10 c:/st/stm32cubeide_1.4.0/stm32cubeide/plugins/com.st.stm32cube.ide.mcu.externaltools.gnu-tools-for-stm32.7-2018-q2-update.win32_1.4.0.202007081208/tools/bin/../lib/gcc/arm-none-eabi/7.3.1/../../../../arm-none-eabi/lib/thumb/v7-m\libc_nano.a(lib_a-memset.o)
                0x0000000008002cf6                memset
 *fill*         0x0000000008002d06        0x2 
 .text.fmod     0x0000000008002d08       0xb8 c:/st/stm32cubeide_1.4.0/stm32cubeide/plugins/com.st.stm32cube.ide.mcu.externaltools.gnu-tools-for-stm32.7-2018-q2-update.win32_1.4.0.202007081208/tools/bin/../lib/gcc/arm-none-eabi/7.3.1/../../../../arm-none-eabi/lib/thumb/v7-m\libm.a(lib_a-w_fmod.o)
                0x0000000008002d08                fmod
 .text.pow      0x0000000008002dc0      0x2b8 c:/st/stm32cubeide_1.4.0/stm32cubeide/plugins/com.st.stm32cube.ide.mcu.externaltools.gnu-tools-for-stm32.7-2018-q2-update.win32_1.4.0.202007081208/tools/bin/../lib/gcc/arm-none-eabi/7.3.1/../../../../arm-none-eabi/lib/thumb/v7-m\libm.a(lib_a-w_pow.o)
                0x0000000008002dc0                pow
 .text.__ieee754_fmod
                0x0000000008003078      0x214 c:/st/stm32cubeide_1.4.0/stm32cubeide/plugins/com.st.stm32cube.ide.mcu.externaltools.gnu-tools-for-stm32.7-2018-q2-update.win32_1.4.0.202007081208/tools/bin/../lib/gcc/arm-none-eabi/7.3.1/../../../../arm-none-eabi/lib/thumb/v7-m\libm.a(lib_a-e_fmod.o)
                0x0000000008003078                __ieee754_fmod
 *fill*         0x000000000800328c        0x4 
 .text.__ieee754_pow
                0x0000000008003290      0xa14 c:/st/stm32cubeide_1.4.0/stm32cubeide/plugins/com.st.stm32cube.ide.mcu.externaltools.gnu-tools-for-stm32.7-2018-q2-update.win32_1.4.0.202007081208/tools/bin/../lib/gcc/arm-none-eabi/7.3.1/../../../../arm-none-eabi/lib/thumb/v7-m\libm.a(lib_a-e_pow.o)
                0x0000000008003290                __ieee754_pow
 .text.__ieee754_sqrt
                0x0000000008003ca4      0x158 c:/st/stm32cubeide_1.4.0/stm32cubeide/plugins/com.st.stm32cube.ide.mcu.externaltools.gnu-tools-for-stm32.7-2018-q2-update.win32_1.4.0.202007081208/tools/bin/../lib/gcc/arm-none-eabi/7.3.1/../../../../arm-none-eabi/lib/thumb/v7-m\libm.a(lib_a-e_sqrt.o)
                0x0000000008003ca4                __ieee754_sqrt
 .text.fabs     0x0000000008003dfc        0x8 c:/st/stm32cubeide_1.4.0/stm32cubeide/plugins/com.st.stm32cube.ide.mcu.externaltools.gnu-tools-for-stm32.7-2018-q2-update.win32_1.4.0.202007081208/tools/bin/../lib/gcc/arm-none-eabi/7.3.1/../../../../arm-none-eabi/lib/thumb/v7-m\libm.a(lib_a-s_fabs.o)
                0x0000000008003dfc                fabs
 .text.finite   0x0000000008003e04        0xc c:/st/stm32cubeide_1.4.0/stm32cubeide/plugins/com.st.stm32cube.ide.mcu.externaltools.gnu-tools-for-stm32.7-2018-q2-update.win32_1.4.0.202007081208/tools/bin/../lib/gcc/arm-none-eabi/7.3.1/../../../../arm-none-eabi/lib/thumb/v7-m\libm.a(lib_a-s_finite.o)
                0x0000000008003e04                finite
 .text.matherr  0x0000000008003e10        0x4 c:/st/stm32cubeide_1.4.0/stm32cubeide/plugins/com.st.stm32cube.ide.mcu.externaltools.gnu-tools-for-stm32.7-2018-q2-update.win32_1.4.0.202007081208/tools/bin/../lib/gcc/arm-none-eabi/7.3.1/../../../../arm-none-eabi/lib/thumb/v7-m\libm.a(lib_a-s_matherr.o)
                0x0000000008003e10                matherr
 .text.nan      0x0000000008003e14        0xc c:/st/stm32cubeide_1.4.0/stm32cubeide/plugins/com.st.stm32cube.ide.mcu.externaltools.gnu-tools-for-stm32.7-2018-q2-update.win32_1.4.0.202007081208/tools/bin/../lib/gcc/arm-none-eabi/7.3.1/../../../../arm-none-eabi/lib/thumb/v7-m\libm.a(lib_a-s_nan.o)
                0x0000000008003e14                nan
 .text.rint     0x0000000008003e20      0x114 c:/st/stm32cubeide_1.4.0/stm32cubeide/plugins/com.st.stm32cube.ide.mcu.externaltools.gnu-tools-for-stm32.7-2018-q2-update.win32_1.4.0.202007081208/tools/bin/../lib/gcc/arm-none-eabi/7.3.1/../../../../arm-none-eabi/lib/thumb/v7-m\libm.a(lib_a-s_rint.o)
                0x0000000008003e20                rint
 *fill*         0x0000000008003f34        0x4 
 .text.scalbn   0x0000000008003f38       0xdc c:/st/stm32cubeide_1.4.0/stm32cubeide/plugins/com.st.stm32cube.ide.mcu.externaltools.gnu-tools-for-stm32.7-2018-q2-update.win32_1.4.0.202007081208/tools/bin/../lib/gcc/arm-none-eabi/7.3.1/../../../../arm-none-eabi/lib/thumb/v7-m\libm.a(lib_a-s_scalbn.o)
                0x0000000008003f38                scalbn
 .text.copysign
                0x0000000008004014       0x12 c:/st/stm32cubeide_1.4.0/stm32cubeide/plugins/com.st.stm32cube.ide.mcu.externaltools.gnu-tools-for-stm32.7-2018-q2-update.win32_1.4.0.202007081208/tools/bin/../lib/gcc/arm-none-eabi/7.3.1/../../../../arm-none-eabi/lib/thumb/v7-m\libm.a(lib_a-s_copysign.o)
                0x0000000008004014                copysign
 *(.glue_7)
 .glue_7        0x0000000008004026        0x0 linker stubs
 *(.glue_7t)
 .glue_7t       0x0000000008004026        0x0 linker stubs
 *(.eh_frame)
 *fill*         0x0000000008004026        0x2 
 .eh_frame      0x0000000008004028        0x0 c:/st/stm32cubeide_1.4.0/stm32cubeide/plugins/com.st.stm32cube.ide.mcu.externaltools.gnu-tools-for-stm32.7-2018-q2-update.win32_1.4.0.202007081208/tools/bin/../lib/gcc/arm-none-eabi/7.3.1/thumb/v7-m/crtbegin.o
 *(.init)
 .init          0x0000000008004028        0x4 c:/st/stm32cubeide_1.4.0/stm32cubeide/plugins/com.st.stm32cube.ide.mcu.externaltools.gnu-tools-for-stm32.7-2018-q2-update.win32_1.4.0.202007081208/tools/bin/../lib/gcc/arm-none-eabi/7.3.1/thumb/v7-m/crti.o
                0x0000000008004028                _init
 .init          0x000000000800402c        0x8 c:/st/stm32cubeide_1.4.0/stm32cubeide/plugins/com.st.stm32cube.ide.mcu.externaltools.gnu-tools-for-stm32.7-2018-q2-update.win32_1.4.0.202007081208/tools/bin/../lib/gcc/arm-none-eabi/7.3.1/thumb/v7-m/crtn.o
 *(.fini)
 .fini          0x0000000008004034        0x4 c:/st/stm32cubeide_1.4.0/stm32cubeide/plugins/com.st.stm32cube.ide.mcu.externaltools.gnu-tools-for-stm32.7-2018-q2-update.win32_1.4.0.202007081208/tools/bin/../lib/gcc/arm-none-eabi/7.3.1/thumb/v7-m/crti.o
                0x0000000008004034                _fini
 .fini          0x0000000008004038        0x8 c:/st/stm32cubeide_1.4.0/stm32cubeide/plugins/com.st.stm32cube.ide.mcu.externaltools.gnu-tools-for-stm32.7-2018-q2-update.win32_1.4.0.202007081208/tools/bin/../lib/gcc/arm-none-eabi/7.3.1/thumb/v7-m/crtn.o
                0x0000000008004040                . = ALIGN (0x4)
                0x0000000008004040                _etext = .

.vfp11_veneer   0x0000000008004040        0x0
 .vfp11_veneer  0x0000000008004040        0x0 linker stubs

.v4_bx          0x0000000008004040        0x0
 .v4_bx         0x0000000008004040        0x0 linker stubs

.iplt           0x0000000008004040        0x0
 .iplt          0x0000000008004040        0x0 c:/st/stm32cubeide_1.4.0/stm32cubeide/plugins/com.st.stm32cube.ide.mcu.externaltools.gnu-tools-for-stm32.7-2018-q2-update.win32_1.4.0.202007081208/tools/bin/../lib/gcc/arm-none-eabi/7.3.1/thumb/v7-m/crtbegin.o

.rodata         0x0000000008004040       0x90
                0x0000000008004040                . = ALIGN (0x4)
 *(.rodata)
 .rodata        0x0000000008004040        0x5 FreeRTOS/tasks.o
 *fill*         0x0000000008004045        0x3 
 .rodata        0x0000000008004048       0x28 Src/main.o
 *(.rodata*)
 .rodata.fmod.str1.1
                0x0000000008004070        0x5 c:/st/stm32cubeide_1.4.0/stm32cubeide/plugins/com.st.stm32cube.ide.mcu.externaltools.gnu-tools-for-stm32.7-2018-q2-update.win32_1.4.0.202007081208/tools/bin/../lib/gcc/arm-none-eabi/7.3.1/../../../../arm-none-eabi/lib/thumb/v7-m\libm.a(lib_a-w_fmod.o)
 .rodata.pow.str1.1
                0x0000000008004075        0x4 c:/st/stm32cubeide_1.4.0/stm32cubeide/plugins/com.st.stm32cube.ide.mcu.externaltools.gnu-tools-for-stm32.7-2018-q2-update.win32_1.4.0.202007081208/tools/bin/../lib/gcc/arm-none-eabi/7.3.1/../../../../arm-none-eabi/lib/thumb/v7-m\libm.a(lib_a-w_pow.o)
 *fill*         0x0000000008004079        0x7 
 .rodata.Zero   0x0000000008004080       0x10 c:/st/stm32cubeide_1.4.0/stm32cubeide/plugins/com.st.stm32cube.ide.mcu.externaltools.gnu-tools-for-stm32.7-2018-q2-update.win32_1.4.0.202007081208/tools/bin/../lib/gcc/arm-none-eabi/7.3.1/../../../../arm-none-eabi/lib/thumb/v7-m\libm.a(lib_a-e_fmod.o)
 .rodata.__ieee754_pow.str1.1
                0x0000000008004090        0x4 c:/st/stm32cubeide_1.4.0/stm32cubeide/plugins/com.st.stm32cube.ide.mcu.externaltools.gnu-tools-for-stm32.7-2018-q2-update.win32_1.4.0.202007081208/tools/bin/../lib/gcc/arm-none-eabi/7.3.1/../../../../arm-none-eabi/lib/thumb/v7-m\libm.a(lib_a-e_pow.o)
                                          0x1 (size before relaxing)
 .rodata.bp     0x0000000008004090       0x10 c:/st/stm32cubeide_1.4.0/stm32cubeide/plugins/com.st.stm32cube.ide.mcu.externaltools.gnu-tools-for-stm32.7-2018-q2-update.win32_1.4.0.202007081208/tools/bin/../lib/gcc/arm-none-eabi/7.3.1/../../../../arm-none-eabi/lib/thumb/v7-m\libm.a(lib_a-e_pow.o)
 .rodata.dp_h   0x00000000080040a0       0x10 c:/st/stm32cubeide_1.4.0/stm32cubeide/plugins/com.st.stm32cube.ide.mcu.externaltools.gnu-tools-for-stm32.7-2018-q2-update.win32_1.4.0.202007081208/tools/bin/../lib/gcc/arm-none-eabi/7.3.1/../../../../arm-none-eabi/lib/thumb/v7-m\libm.a(lib_a-e_pow.o)
 .rodata.dp_l   0x00000000080040b0       0x10 c:/st/stm32cubeide_1.4.0/stm32cubeide/plugins/com.st.stm32cube.ide.mcu.externaltools.gnu-tools-for-stm32.7-2018-q2-update.win32_1.4.0.202007081208/tools/bin/../lib/gcc/arm-none-eabi/7.3.1/../../../../arm-none-eabi/lib/thumb/v7-m\libm.a(lib_a-e_pow.o)
 .rodata.TWO52  0x00000000080040c0       0x10 c:/st/stm32cubeide_1.4.0/stm32cubeide/plugins/com.st.stm32cube.ide.mcu.externaltools.gnu-tools-for-stm32.7-2018-q2-update.win32_1.4.0.202007081208/tools/bin/../lib/gcc/arm-none-eabi/7.3.1/../../../../arm-none-eabi/lib/thumb/v7-m\libm.a(lib_a-s_rint.o)
                0x00000000080040d0                . = ALIGN (0x4)

.rel.dyn        0x00000000080040d0        0x0
 .rel.iplt      0x00000000080040d0        0x0 c:/st/stm32cubeide_1.4.0/stm32cubeide/plugins/com.st.stm32cube.ide.mcu.externaltools.gnu-tools-for-stm32.7-2018-q2-update.win32_1.4.0.202007081208/tools/bin/../lib/gcc/arm-none-eabi/7.3.1/thumb/v7-m/crtbegin.o

.ARM.extab      0x00000000080040d0        0x0
                0x00000000080040d0                . = ALIGN (0x4)
 *(.ARM.extab* .gnu.linkonce.armextab.*)
                0x00000000080040d0                . = ALIGN (0x4)

.ARM            0x00000000080040d0        0x0
                0x00000000080040d0                . = ALIGN (0x4)
                0x00000000080040d0                __exidx_start = .
 *(.ARM.exidx*)
                0x00000000080040d0                __exidx_end = .
                0x00000000080040d0                . = ALIGN (0x4)

.preinit_array  0x00000000080040d0        0x0
                0x00000000080040d0                . = ALIGN (0x4)
                0x00000000080040d0                PROVIDE (__preinit_array_start = .)
 *(.preinit_array*)
                0x00000000080040d0                PROVIDE (__preinit_array_end = .)
                0x00000000080040d0                . = ALIGN (0x4)

.init_array     0x00000000080040d0        0x4
                0x00000000080040d0                . = ALIGN (0x4)
                0x00000000080040d0                PROVIDE (__init_array_start = .)
 *(SORT_BY_NAME(.init_array.*))
 *(.init_array*)
 .init_array    0x00000000080040d0        0x4 c:/st/stm32cubeide_1.4.0/stm32cubeide/plugins/com.st.stm32cube.ide.mcu.externaltools.gnu-tools-for-stm32.7-2018-q2-update.win32_1.4.0.202007081208/tools/bin/../lib/gcc/arm-none-eabi/7.3.1/thumb/v7-m/crtbegin.o
                0x00000000080040d4                PROVIDE (__init_array_end = .)
                0x00000000080040d4                . = ALIGN (0x4)

.fini_array     0x00000000080040d4        0x4
                0x00000000080040d4                . = ALIGN (0x4)
                [!provide]                        PROVIDE (__fini_array_start = .)
 *(SORT_BY_NAME(.fini_array.*))
 *(.fini_array*)
 .fini_array    0x00000000080040d4        0x4 c:/st/stm32cubeide_1.4.0/stm32cubeide/plugins/com.st.stm32cube.ide.mcu.externaltools.gnu-tools-for-stm32.7-2018-q2-update.win32_1.4.0.202007081208/tools/bin/../lib/gcc/arm-none-eabi/7.3.1/thumb/v7-m/crtbegin.o
                [!provide]                        PROVIDE (__fini_array_end = .)
                0x00000000080040d8                . = ALIGN (0x4)
                0x00000000080040d8                _sidata = LOADADDR (.data)

.data           0x0000000020000000       0x80 load address 0x00000000080040d8
                0x0000000020000000                . = ALIGN (0x4)
                0x0000000020000000                _sdata = .
 *(.data)
 *(.data*)
 .data.uxTopUsedPriority
                0x0000000020000000        0x4 FreeRTOS/tasks.o
                0x0000000020000000                uxTopUsedPriority
 .data.uxCriticalNesting
                0x0000000020000004        0x4 FreeRTOS/portable/GCC/ARM_CM3/port.o
 .data.p        0x0000000020000008        0x8 Src/main.o
                0x0000000020000008                p
 .data.q        0x0000000020000010        0x8 Src/main.o
                0x0000000020000010                q
 .data._impure_ptr
                0x0000000020000018        0x4 c:/st/stm32cubeide_1.4.0/stm32cubeide/plugins/com.st.stm32cube.ide.mcu.externaltools.gnu-tools-for-stm32.7-2018-q2-update.win32_1.4.0.202007081208/tools/bin/../lib/gcc/arm-none-eabi/7.3.1/../../../../arm-none-eabi/lib/thumb/v7-m\libc_nano.a(lib_a-impure.o)
                0x0000000020000018                _impure_ptr
 .data.impure_data
                0x000000002000001c       0x60 c:/st/stm32cubeide_1.4.0/stm32cubeide/plugins/com.st.stm32cube.ide.mcu.externaltools.gnu-tools-for-stm32.7-2018-q2-update.win32_1.4.0.202007081208/tools/bin/../lib/gcc/arm-none-eabi/7.3.1/../../../../arm-none-eabi/lib/thumb/v7-m\libc_nano.a(lib_a-impure.o)
 .data.__fdlib_version
                0x000000002000007c        0x1 c:/st/stm32cubeide_1.4.0/stm32cubeide/plugins/com.st.stm32cube.ide.mcu.externaltools.gnu-tools-for-stm32.7-2018-q2-update.win32_1.4.0.202007081208/tools/bin/../lib/gcc/arm-none-eabi/7.3.1/../../../../arm-none-eabi/lib/thumb/v7-m\libm.a(lib_a-s_lib_ver.o)
                0x000000002000007c                __fdlib_version
                0x0000000020000080                . = ALIGN (0x4)
 *fill*         0x000000002000007d        0x3 
                0x0000000020000080                _edata = .

.igot.plt       0x0000000020000080        0x0 load address 0x0000000008004158
 .igot.plt      0x0000000020000080        0x0 c:/st/stm32cubeide_1.4.0/stm32cubeide/plugins/com.st.stm32cube.ide.mcu.externaltools.gnu-tools-for-stm32.7-2018-q2-update.win32_1.4.0.202007081208/tools/bin/../lib/gcc/arm-none-eabi/7.3.1/thumb/v7-m/crtbegin.o
                0x0000000020000080                . = ALIGN (0x4)

.bss            0x0000000020000080     0x1218 load address 0x0000000008004158
                0x0000000020000080                _sbss = .
                0x0000000020000080                __bss_start__ = _sbss
 *(.bss)
 .bss           0x0000000020000080       0x1c c:/st/stm32cubeide_1.4.0/stm32cubeide/plugins/com.st.stm32cube.ide.mcu.externaltools.gnu-tools-for-stm32.7-2018-q2-update.win32_1.4.0.202007081208/tools/bin/../lib/gcc/arm-none-eabi/7.3.1/thumb/v7-m/crtbegin.o
 *(.bss*)
 .bss.pxCurrentTCB
                0x000000002000009c        0x4 FreeRTOS/tasks.o
                0x000000002000009c                pxCurrentTCB
 .bss.pxReadyTasksLists
                0x00000000200000a0       0x64 FreeRTOS/tasks.o
 .bss.xDelayedTaskList1
                0x0000000020000104       0x14 FreeRTOS/tasks.o
 .bss.xDelayedTaskList2
                0x0000000020000118       0x14 FreeRTOS/tasks.o
 .bss.pxDelayedTaskList
                0x000000002000012c        0x4 FreeRTOS/tasks.o
 .bss.pxOverflowDelayedTaskList
                0x0000000020000130        0x4 FreeRTOS/tasks.o
 .bss.xPendingReadyList
                0x0000000020000134       0x14 FreeRTOS/tasks.o
 .bss.xTasksWaitingTermination
                0x0000000020000148       0x14 FreeRTOS/tasks.o
 .bss.uxDeletedTasksWaitingCleanUp
                0x000000002000015c        0x4 FreeRTOS/tasks.o
 .bss.xSuspendedTaskList
                0x0000000020000160       0x14 FreeRTOS/tasks.o
 .bss.uxCurrentNumberOfTasks
                0x0000000020000174        0x4 FreeRTOS/tasks.o
 .bss.xTickCount
                0x0000000020000178        0x4 FreeRTOS/tasks.o
 .bss.uxTopReadyPriority
                0x000000002000017c        0x4 FreeRTOS/tasks.o
 .bss.xSchedulerRunning
                0x0000000020000180        0x4 FreeRTOS/tasks.o
 .bss.xPendedTicks
                0x0000000020000184        0x4 FreeRTOS/tasks.o
 .bss.xYieldPending
                0x0000000020000188        0x4 FreeRTOS/tasks.o
 .bss.xNumOfOverflows
                0x000000002000018c        0x4 FreeRTOS/tasks.o
 .bss.uxTaskNumber
                0x0000000020000190        0x4 FreeRTOS/tasks.o
 .bss.xNextTaskUnblockTime
                0x0000000020000194        0x4 FreeRTOS/tasks.o
 .bss.xIdleTaskHandle
                0x0000000020000198        0x4 FreeRTOS/tasks.o
 .bss.uxSchedulerSuspended
                0x000000002000019c        0x4 FreeRTOS/tasks.o
 .bss.ucHeap    0x00000000200001a0     0x1000 FreeRTOS/portable/MemMang/heap_4.o
 .bss.xStart    0x00000000200011a0        0x8 FreeRTOS/portable/MemMang/heap_4.o
 .bss.pxEnd     0x00000000200011a8        0x4 FreeRTOS/portable/MemMang/heap_4.o
 .bss.xFreeBytesRemaining
                0x00000000200011ac        0x4 FreeRTOS/portable/MemMang/heap_4.o
 .bss.xMinimumEverFreeBytesRemaining
                0x00000000200011b0        0x4 FreeRTOS/portable/MemMang/heap_4.o
 .bss.xNumberOfSuccessfulAllocations
                0x00000000200011b4        0x4 FreeRTOS/portable/MemMang/heap_4.o
 .bss.xNumberOfSuccessfulFrees
                0x00000000200011b8        0x4 FreeRTOS/portable/MemMang/heap_4.o
 .bss.xBlockAllocatedBit
                0x00000000200011bc        0x4 FreeRTOS/portable/MemMang/heap_4.o
 .bss.Transfer_complete_interrupt_En_disable_flg
                0x00000000200011c0        0x1 STM32f103_Drivers/STM32F103C6_DMA.o
                0x00000000200011c0                Transfer_complete_interrupt_En_disable_flg
 *fill*         0x00000000200011c1        0x7 
 .bss.euler     0x00000000200011c8        0x8 Src/main.o
                0x00000000200011c8                euler
 .bss.n         0x00000000200011d0        0x8 Src/main.o
                0x00000000200011d0                n
 .bss.e         0x00000000200011d8        0x8 Src/main.o
                0x00000000200011d8                e
 .bss.d         0x00000000200011e0        0x8 Src/main.o
                0x00000000200011e0                d
 .bss.xDMA_COPY_MEMORY2MEMORY_Handle
                0x00000000200011e8        0x4 Src/main.o
                0x00000000200011e8                xDMA_COPY_MEMORY2MEMORY_Handle
 .bss.xEncryptionTask2_Handle
                0x00000000200011ec        0x4 Src/main.o
                0x00000000200011ec                xEncryptionTask2_Handle
 .bss.xSmphor_EncryptionIsDone
                0x00000000200011f0        0x4 Src/main.o
                0x00000000200011f0                xSmphor_EncryptionIsDone
 .bss.xSmphor_Start_Encryption
                0x00000000200011f4        0x4 Src/main.o
                0x00000000200011f4                xSmphor_Start_Encryption
 *(COMMON)
 COMMON         0x00000000200011f8       0x3c STM32f103_Drivers/EXTI_DRIVER.o
                0x00000000200011f8                GP_IRQ_CALLBACK
 COMMON         0x0000000020001234       0x3c STM32f103_Drivers/STM32F103C6_USART_DRIVERS.o
                0x0000000020001234                Global_UART_Config
 COMMON         0x0000000020001270       0x28 Src/main.o
                0x0000000020001270                EcrypteddData
                0x0000000020001284                OriginalData
                0x0000000020001298                . = ALIGN (0x4)
                0x0000000020001298                _ebss = .
                0x0000000020001298                __bss_end__ = _ebss

._user_heap_stack
                0x0000000020001298      0x600 load address 0x0000000008004158
                0x0000000020001298                . = ALIGN (0x8)
                [!provide]                        PROVIDE (end = .)
                0x0000000020001298                PROVIDE (_end = .)
                0x0000000020001498                . = (. + _Min_Heap_Size)
 *fill*         0x0000000020001298      0x200 
                0x0000000020001898                . = (. + _Min_Stack_Size)
 *fill*         0x0000000020001498      0x400 
                0x0000000020001898                . = ALIGN (0x8)

/DISCARD/
 libc.a(*)
 libm.a(*)
 libgcc.a(*)

.ARM.attributes
                0x0000000000000000       0x29
 *(.ARM.attributes)
 .ARM.attributes
                0x0000000000000000       0x1d c:/st/stm32cubeide_1.4.0/stm32cubeide/plugins/com.st.stm32cube.ide.mcu.externaltools.gnu-tools-for-stm32.7-2018-q2-update.win32_1.4.0.202007081208/tools/bin/../lib/gcc/arm-none-eabi/7.3.1/thumb/v7-m/crti.o
 .ARM.attributes
                0x000000000000001d       0x2d c:/st/stm32cubeide_1.4.0/stm32cubeide/plugins/com.st.stm32cube.ide.mcu.externaltools.gnu-tools-for-stm32.7-2018-q2-update.win32_1.4.0.202007081208/tools/bin/../lib/gcc/arm-none-eabi/7.3.1/thumb/v7-m/crtbegin.o
 .ARM.attributes
                0x000000000000004a       0x33 FreeRTOS/list.o
 .ARM.attributes
                0x000000000000007d       0x33 FreeRTOS/queue.o
 .ARM.attributes
                0x00000000000000b0       0x33 FreeRTOS/tasks.o
 .ARM.attributes
                0x00000000000000e3       0x33 FreeRTOS/portable/GCC/ARM_CM3/port.o
 .ARM.attributes
                0x0000000000000116       0x33 FreeRTOS/portable/MemMang/heap_4.o
 .ARM.attributes
                0x0000000000000149       0x33 RSA_Algorithm/RSA_Algorithm.o
 .ARM.attributes
                0x000000000000017c       0x33 STM32f103_Drivers/EXTI_DRIVER.o
 .ARM.attributes
                0x00000000000001af       0x33 STM32f103_Drivers/STM32F103C6_DMA.o
 .ARM.attributes
                0x00000000000001e2       0x33 STM32f103_Drivers/STM32F103C6_USART_DRIVERS.o
 .ARM.attributes
                0x0000000000000215       0x33 Src/main.o
 .ARM.attributes
                0x0000000000000248       0x21 Startup/startup_stm32f103c6tx.o
 .ARM.attributes
                0x0000000000000269       0x2d c:/st/stm32cubeide_1.4.0/stm32cubeide/plugins/com.st.stm32cube.ide.mcu.externaltools.gnu-tools-for-stm32.7-2018-q2-update.win32_1.4.0.202007081208/tools/bin/../lib/gcc/arm-none-eabi/7.3.1/../../../../arm-none-eabi/lib/thumb/v7-m\libc_nano.a(lib_a-errno.o)
 .ARM.attributes
                0x0000000000000296       0x2d c:/st/stm32cubeide_1.4.0/stm32cubeide/plugins/com.st.stm32cube.ide.mcu.externaltools.gnu-tools-for-stm32.7-2018-q2-update.win32_1.4.0.202007081208/tools/bin/../lib/gcc/arm-none-eabi/7.3.1/../../../../arm-none-eabi/lib/thumb/v7-m\libc_nano.a(lib_a-impure.o)
 .ARM.attributes
                0x00000000000002c3       0x2d c:/st/stm32cubeide_1.4.0/stm32cubeide/plugins/com.st.stm32cube.ide.mcu.externaltools.gnu-tools-for-stm32.7-2018-q2-update.win32_1.4.0.202007081208/tools/bin/../lib/gcc/arm-none-eabi/7.3.1/../../../../arm-none-eabi/lib/thumb/v7-m\libc_nano.a(lib_a-init.o)
 .ARM.attributes
                0x00000000000002f0       0x2d c:/st/stm32cubeide_1.4.0/stm32cubeide/plugins/com.st.stm32cube.ide.mcu.externaltools.gnu-tools-for-stm32.7-2018-q2-update.win32_1.4.0.202007081208/tools/bin/../lib/gcc/arm-none-eabi/7.3.1/../../../../arm-none-eabi/lib/thumb/v7-m\libc_nano.a(lib_a-memcpy-stub.o)
 .ARM.attributes
                0x000000000000031d       0x2d c:/st/stm32cubeide_1.4.0/stm32cubeide/plugins/com.st.stm32cube.ide.mcu.externaltools.gnu-tools-for-stm32.7-2018-q2-update.win32_1.4.0.202007081208/tools/bin/../lib/gcc/arm-none-eabi/7.3.1/../../../../arm-none-eabi/lib/thumb/v7-m\libc_nano.a(lib_a-memset.o)
 .ARM.attributes
                0x000000000000034a       0x2d c:/st/stm32cubeide_1.4.0/stm32cubeide/plugins/com.st.stm32cube.ide.mcu.externaltools.gnu-tools-for-stm32.7-2018-q2-update.win32_1.4.0.202007081208/tools/bin/../lib/gcc/arm-none-eabi/7.3.1/../../../../arm-none-eabi/lib/thumb/v7-m\libm.a(lib_a-w_fmod.o)
 .ARM.attributes
                0x0000000000000377       0x2d c:/st/stm32cubeide_1.4.0/stm32cubeide/plugins/com.st.stm32cube.ide.mcu.externaltools.gnu-tools-for-stm32.7-2018-q2-update.win32_1.4.0.202007081208/tools/bin/../lib/gcc/arm-none-eabi/7.3.1/../../../../arm-none-eabi/lib/thumb/v7-m\libm.a(lib_a-w_pow.o)
 .ARM.attributes
                0x00000000000003a4       0x2d c:/st/stm32cubeide_1.4.0/stm32cubeide/plugins/com.st.stm32cube.ide.mcu.externaltools.gnu-tools-for-stm32.7-2018-q2-update.win32_1.4.0.202007081208/tools/bin/../lib/gcc/arm-none-eabi/7.3.1/../../../../arm-none-eabi/lib/thumb/v7-m\libm.a(lib_a-e_fmod.o)
 .ARM.attributes
                0x00000000000003d1       0x2d c:/st/stm32cubeide_1.4.0/stm32cubeide/plugins/com.st.stm32cube.ide.mcu.externaltools.gnu-tools-for-stm32.7-2018-q2-update.win32_1.4.0.202007081208/tools/bin/../lib/gcc/arm-none-eabi/7.3.1/../../../../arm-none-eabi/lib/thumb/v7-m\libm.a(lib_a-e_pow.o)
 .ARM.attributes
                0x00000000000003fe       0x2d c:/st/stm32cubeide_1.4.0/stm32cubeide/plugins/com.st.stm32cube.ide.mcu.externaltools.gnu-tools-for-stm32.7-2018-q2-update.win32_1.4.0.202007081208/tools/bin/../lib/gcc/arm-none-eabi/7.3.1/../../../../arm-none-eabi/lib/thumb/v7-m\libm.a(lib_a-e_sqrt.o)
 .ARM.attributes
                0x000000000000042b       0x2d c:/st/stm32cubeide_1.4.0/stm32cubeide/plugins/com.st.stm32cube.ide.mcu.externaltools.gnu-tools-for-stm32.7-2018-q2-update.win32_1.4.0.202007081208/tools/bin/../lib/gcc/arm-none-eabi/7.3.1/../../../../arm-none-eabi/lib/thumb/v7-m\libm.a(lib_a-s_fabs.o)
 .ARM.attributes
                0x0000000000000458       0x2d c:/st/stm32cubeide_1.4.0/stm32cubeide/plugins/com.st.stm32cube.ide.mcu.externaltools.gnu-tools-for-stm32.7-2018-q2-update.win32_1.4.0.202007081208/tools/bin/../lib/gcc/arm-none-eabi/7.3.1/../../../../arm-none-eabi/lib/thumb/v7-m\libm.a(lib_a-s_finite.o)
 .ARM.attributes
                0x0000000000000485       0x2d c:/st/stm32cubeide_1.4.0/stm32cubeide/plugins/com.st.stm32cube.ide.mcu.externaltools.gnu-tools-for-stm32.7-2018-q2-update.win32_1.4.0.202007081208/tools/bin/../lib/gcc/arm-none-eabi/7.3.1/../../../../arm-none-eabi/lib/thumb/v7-m\libm.a(lib_a-s_lib_ver.o)
 .ARM.attributes
                0x00000000000004b2       0x2d c:/st/stm32cubeide_1.4.0/stm32cubeide/plugins/com.st.stm32cube.ide.mcu.externaltools.gnu-tools-for-stm32.7-2018-q2-update.win32_1.4.0.202007081208/tools/bin/../lib/gcc/arm-none-eabi/7.3.1/../../../../arm-none-eabi/lib/thumb/v7-m\libm.a(lib_a-s_matherr.o)
 .ARM.attributes
                0x00000000000004df       0x2d c:/st/stm32cubeide_1.4.0/stm32cubeide/plugins/com.st.stm32cube.ide.mcu.externaltools.gnu-tools-for-stm32.7-2018-q2-update.win32_1.4.0.202007081208/tools/bin/../lib/gcc/arm-none-eabi/7.3.1/../../../../arm-none-eabi/lib/thumb/v7-m\libm.a(lib_a-s_nan.o)
 .ARM.attributes
                0x000000000000050c       0x2d c:/st/stm32cubeide_1.4.0/stm32cubeide/plugins/com.st.stm32cube.ide.mcu.externaltools.gnu-tools-for-stm32.7-2018-q2-update.win32_1.4.0.202007081208/tools/bin/../lib/gcc/arm-none-eabi/7.3.1/../../../../arm-none-eabi/lib/thumb/v7-m\libm.a(lib_a-s_rint.o)
 .ARM.attributes
                0x0000000000000539       0x2d c:/st/stm32cubeide_1.4.0/stm32cubeide/plugins/com.st.stm32cube.ide.mcu.externaltools.gnu-tools-for-stm32.7-2018-q2-update.win32_1.4.0.202007081208/tools/bin/../lib/gcc/arm-none-eabi/7.3.1/../../../../arm-none-eabi/lib/thumb/v7-m\libm.a(lib_a-s_scalbn.o)
 .ARM.attributes
                0x0000000000000566       0x2d c:/st/stm32cubeide_1.4.0/stm32cubeide/plugins/com.st.stm32cube.ide.mcu.externaltools.gnu-tools-for-stm32.7-2018-q2-update.win32_1.4.0.202007081208/tools/bin/../lib/gcc/arm-none-eabi/7.3.1/../../../../arm-none-eabi/lib/thumb/v7-m\libm.a(lib_a-s_copysign.o)
 .ARM.attributes
                0x0000000000000593       0x1d c:/st/stm32cubeide_1.4.0/stm32cubeide/plugins/com.st.stm32cube.ide.mcu.externaltools.gnu-tools-for-stm32.7-2018-q2-update.win32_1.4.0.202007081208/tools/bin/../lib/gcc/arm-none-eabi/7.3.1/thumb/v7-m\libgcc.a(_arm_addsubdf3.o)
 .ARM.attributes
                0x00000000000005b0       0x1d c:/st/stm32cubeide_1.4.0/stm32cubeide/plugins/com.st.stm32cube.ide.mcu.externaltools.gnu-tools-for-stm32.7-2018-q2-update.win32_1.4.0.202007081208/tools/bin/../lib/gcc/arm-none-eabi/7.3.1/thumb/v7-m\libgcc.a(_arm_muldivdf3.o)
 .ARM.attributes
                0x00000000000005cd       0x1d c:/st/stm32cubeide_1.4.0/stm32cubeide/plugins/com.st.stm32cube.ide.mcu.externaltools.gnu-tools-for-stm32.7-2018-q2-update.win32_1.4.0.202007081208/tools/bin/../lib/gcc/arm-none-eabi/7.3.1/thumb/v7-m\libgcc.a(_arm_cmpdf2.o)
 .ARM.attributes
                0x00000000000005ea       0x1d c:/st/stm32cubeide_1.4.0/stm32cubeide/plugins/com.st.stm32cube.ide.mcu.externaltools.gnu-tools-for-stm32.7-2018-q2-update.win32_1.4.0.202007081208/tools/bin/../lib/gcc/arm-none-eabi/7.3.1/thumb/v7-m\libgcc.a(_arm_unorddf2.o)
 .ARM.attributes
                0x0000000000000607       0x1d c:/st/stm32cubeide_1.4.0/stm32cubeide/plugins/com.st.stm32cube.ide.mcu.externaltools.gnu-tools-for-stm32.7-2018-q2-update.win32_1.4.0.202007081208/tools/bin/../lib/gcc/arm-none-eabi/7.3.1/thumb/v7-m\libgcc.a(_arm_fixdfsi.o)
 .ARM.attributes
                0x0000000000000624       0x1d c:/st/stm32cubeide_1.4.0/stm32cubeide/plugins/com.st.stm32cube.ide.mcu.externaltools.gnu-tools-for-stm32.7-2018-q2-update.win32_1.4.0.202007081208/tools/bin/../lib/gcc/arm-none-eabi/7.3.1/thumb/v7-m\libgcc.a(_arm_fixunsdfsi.o)
 .ARM.attributes
                0x0000000000000641       0x1d c:/st/stm32cubeide_1.4.0/stm32cubeide/plugins/com.st.stm32cube.ide.mcu.externaltools.gnu-tools-for-stm32.7-2018-q2-update.win32_1.4.0.202007081208/tools/bin/../lib/gcc/arm-none-eabi/7.3.1/thumb/v7-m/crtn.o
OUTPUT(DMA.axf elf32-littlearm)

.debug_info     0x0000000000000000     0x8274
 .debug_info    0x0000000000000000      0xac0 FreeRTOS/list.o
 .debug_info    0x0000000000000ac0     0x15d9 FreeRTOS/queue.o
 .debug_info    0x0000000000002099     0x201c FreeRTOS/tasks.o
 .debug_info    0x00000000000040b5      0x2df FreeRTOS/portable/GCC/ARM_CM3/port.o
 .debug_info    0x0000000000004394      0xc0f FreeRTOS/portable/MemMang/heap_4.o
 .debug_info    0x0000000000004fa3      0x29e RSA_Algorithm/RSA_Algorithm.o
 .debug_info    0x0000000000005241      0xc59 STM32f103_Drivers/EXTI_DRIVER.o
 .debug_info    0x0000000000005e9a      0xaed STM32f103_Drivers/STM32F103C6_DMA.o
 .debug_info    0x0000000000006987      0xd1a STM32f103_Drivers/STM32F103C6_USART_DRIVERS.o
 .debug_info    0x00000000000076a1      0xbb1 Src/main.o
 .debug_info    0x0000000000008252       0x22 Startup/startup_stm32f103c6tx.o

.debug_abbrev   0x0000000000000000     0x154d
 .debug_abbrev  0x0000000000000000      0x1cf FreeRTOS/list.o
 .debug_abbrev  0x00000000000001cf      0x28c FreeRTOS/queue.o
 .debug_abbrev  0x000000000000045b      0x336 FreeRTOS/tasks.o
 .debug_abbrev  0x0000000000000791      0x1cb FreeRTOS/portable/GCC/ARM_CM3/port.o
 .debug_abbrev  0x000000000000095c      0x23d FreeRTOS/portable/MemMang/heap_4.o
 .debug_abbrev  0x0000000000000b99       0xea RSA_Algorithm/RSA_Algorithm.o
 .debug_abbrev  0x0000000000000c83      0x235 STM32f103_Drivers/EXTI_DRIVER.o
 .debug_abbrev  0x0000000000000eb8      0x1cf STM32f103_Drivers/STM32F103C6_DMA.o
 .debug_abbrev  0x0000000000001087      0x28d STM32f103_Drivers/STM32F103C6_USART_DRIVERS.o
 .debug_abbrev  0x0000000000001314      0x227 Src/main.o
 .debug_abbrev  0x000000000000153b       0x12 Startup/startup_stm32f103c6tx.o

.debug_aranges  0x0000000000000000      0x538
 .debug_aranges
                0x0000000000000000       0x40 FreeRTOS/list.o
 .debug_aranges
                0x0000000000000040       0xc8 FreeRTOS/queue.o
 .debug_aranges
                0x0000000000000108      0x188 FreeRTOS/tasks.o
 .debug_aranges
                0x0000000000000290       0x70 FreeRTOS/portable/GCC/ARM_CM3/port.o
 .debug_aranges
                0x0000000000000300       0x58 FreeRTOS/portable/MemMang/heap_4.o
 .debug_aranges
                0x0000000000000358       0x50 RSA_Algorithm/RSA_Algorithm.o
 .debug_aranges
                0x00000000000003a8       0x80 STM32f103_Drivers/EXTI_DRIVER.o
 .debug_aranges
                0x0000000000000428       0x40 STM32f103_Drivers/STM32F103C6_DMA.o
 .debug_aranges
                0x0000000000000468       0x68 STM32f103_Drivers/STM32F103C6_USART_DRIVERS.o
 .debug_aranges
                0x00000000000004d0       0x40 Src/main.o
 .debug_aranges
                0x0000000000000510       0x28 Startup/startup_stm32f103c6tx.o

.debug_ranges   0x0000000000000000      0x490
 .debug_ranges  0x0000000000000000       0x30 FreeRTOS/list.o
 .debug_ranges  0x0000000000000030       0xb8 FreeRTOS/queue.o
 .debug_ranges  0x00000000000000e8      0x178 FreeRTOS/tasks.o
 .debug_ranges  0x0000000000000260       0x60 FreeRTOS/portable/GCC/ARM_CM3/port.o
 .debug_ranges  0x00000000000002c0       0x48 FreeRTOS/portable/MemMang/heap_4.o
 .debug_ranges  0x0000000000000308       0x40 RSA_Algorithm/RSA_Algorithm.o
 .debug_ranges  0x0000000000000348       0x70 STM32f103_Drivers/EXTI_DRIVER.o
 .debug_ranges  0x00000000000003b8       0x30 STM32f103_Drivers/STM32F103C6_DMA.o
 .debug_ranges  0x00000000000003e8       0x58 STM32f103_Drivers/STM32F103C6_USART_DRIVERS.o
 .debug_ranges  0x0000000000000440       0x30 Src/main.o
 .debug_ranges  0x0000000000000470       0x20 Startup/startup_stm32f103c6tx.o

.debug_macro    0x0000000000000000     0x240a
 .debug_macro   0x0000000000000000      0x18b FreeRTOS/list.o
 .debug_macro   0x000000000000018b      0x214 FreeRTOS/queue.o
 .debug_macro   0x000000000000039f       0x16 FreeRTOS/queue.o
 .debug_macro   0x00000000000003b5       0x35 FreeRTOS/queue.o
 .debug_macro   0x00000000000003ea       0x20 FreeRTOS/queue.o
 .debug_macro   0x000000000000040a       0x80 FreeRTOS/queue.o
 .debug_macro   0x000000000000048a      0x271 FreeRTOS/tasks.o
 .debug_macro   0x00000000000006fb       0x10 FreeRTOS/tasks.o
 .debug_macro   0x000000000000070b      0x177 FreeRTOS/portable/GCC/ARM_CM3/port.o
 .debug_macro   0x0000000000000882      0x1a6 FreeRTOS/portable/MemMang/heap_4.o
 .debug_macro   0x0000000000000a28       0x11 RSA_Algorithm/RSA_Algorithm.o
 .debug_macro   0x0000000000000a39      0x158 STM32f103_Drivers/EXTI_DRIVER.o
 .debug_macro   0x0000000000000b91      0x6b8 STM32f103_Drivers/EXTI_DRIVER.o
 .debug_macro   0x0000000000001249       0xd0 STM32f103_Drivers/EXTI_DRIVER.o
 .debug_macro   0x0000000000001319      0x223 STM32f103_Drivers/EXTI_DRIVER.o
 .debug_macro   0x000000000000153c      0x151 STM32f103_Drivers/STM32F103C6_DMA.o
 .debug_macro   0x000000000000168d       0xd6 STM32f103_Drivers/STM32F103C6_DMA.o
 .debug_macro   0x0000000000001763       0x10 STM32f103_Drivers/STM32F103C6_DMA.o
 .debug_macro   0x0000000000001773      0x151 STM32f103_Drivers/STM32F103C6_DMA.o
 .debug_macro   0x00000000000018c4      0x151 STM32f103_Drivers/STM32F103C6_USART_DRIVERS.o
 .debug_macro   0x0000000000001a15       0xe2 STM32f103_Drivers/STM32F103C6_USART_DRIVERS.o
 .debug_macro   0x0000000000001af7      0x304 Src/main.o
 .debug_macro   0x0000000000001dfb       0x69 Src/main.o
 .debug_macro   0x0000000000001e64       0x1c Src/main.o
 .debug_macro   0x0000000000001e80       0x10 Src/main.o
 .debug_macro   0x0000000000001e90       0x10 Src/main.o
 .debug_macro   0x0000000000001ea0       0x1c Src/main.o
 .debug_macro   0x0000000000001ebc       0x52 Src/main.o
 .debug_macro   0x0000000000001f0e       0x40 Src/main.o
 .debug_macro   0x0000000000001f4e       0x10 Src/main.o
 .debug_macro   0x0000000000001f5e       0x40 Src/main.o
 .debug_macro   0x0000000000001f9e       0xd7 Src/main.o
 .debug_macro   0x0000000000002075       0x1c Src/main.o
 .debug_macro   0x0000000000002091       0x3d Src/main.o
 .debug_macro   0x00000000000020ce       0x16 Src/main.o
 .debug_macro   0x00000000000020e4      0x145 Src/main.o
 .debug_macro   0x0000000000002229      0x1e1 Src/main.o

.debug_line     0x0000000000000000     0x48b7
 .debug_line    0x0000000000000000      0x63b FreeRTOS/list.o
 .debug_line    0x000000000000063b      0xa01 FreeRTOS/queue.o
 .debug_line    0x000000000000103c      0xe54 FreeRTOS/tasks.o
 .debug_line    0x0000000000001e90      0x5b6 FreeRTOS/portable/GCC/ARM_CM3/port.o
 .debug_line    0x0000000000002446      0x6fd FreeRTOS/portable/MemMang/heap_4.o
 .debug_line    0x0000000000002b43       0xe5 RSA_Algorithm/RSA_Algorithm.o
 .debug_line    0x0000000000002c28      0x6de STM32f103_Drivers/EXTI_DRIVER.o
 .debug_line    0x0000000000003306      0x5eb STM32f103_Drivers/STM32F103C6_DMA.o
 .debug_line    0x00000000000038f1      0x70b STM32f103_Drivers/STM32F103C6_USART_DRIVERS.o
 .debug_line    0x0000000000003ffc      0x837 Src/main.o
 .debug_line    0x0000000000004833       0x84 Startup/startup_stm32f103c6tx.o

.debug_str      0x0000000000000000    0x15e26
 .debug_str     0x0000000000000000     0xa9b0 FreeRTOS/list.o
                                       0xac2f (size before relaxing)
 .debug_str     0x000000000000a9b0     0x2094 FreeRTOS/queue.o
                                       0xcc98 (size before relaxing)
 .debug_str     0x000000000000ca44     0x18c1 FreeRTOS/tasks.o
                                       0xd88f (size before relaxing)
 .debug_str     0x000000000000e305      0x5fc FreeRTOS/portable/GCC/ARM_CM3/port.o
                                       0x9385 (size before relaxing)
 .debug_str     0x000000000000e901      0x30e FreeRTOS/portable/MemMang/heap_4.o
                                       0xc08a (size before relaxing)
 .debug_str     0x000000000000ec0f       0xcf RSA_Algorithm/RSA_Algorithm.o
                                       0x2d82 (size before relaxing)
 .debug_str     0x000000000000ecde     0x3b83 STM32f103_Drivers/EXTI_DRIVER.o
                                       0xaab5 (size before relaxing)
 .debug_str     0x0000000000012861      0xbb1 STM32f103_Drivers/STM32F103C6_DMA.o
                                       0xa0a4 (size before relaxing)
 .debug_str     0x0000000000013412      0x850 STM32f103_Drivers/STM32F103C6_USART_DRIVERS.o
                                       0x9e3c (size before relaxing)
 .debug_str     0x0000000000013c62     0x2193 Src/main.o
                                      0x11772 (size before relaxing)
 .debug_str     0x0000000000015df5       0x31 Startup/startup_stm32f103c6tx.o
                                         0x56 (size before relaxing)

.comment        0x0000000000000000       0x7b
 .comment       0x0000000000000000       0x7b FreeRTOS/list.o
                                         0x7c (size before relaxing)
 .comment       0x000000000000007b       0x7c FreeRTOS/queue.o
 .comment       0x000000000000007b       0x7c FreeRTOS/tasks.o
 .comment       0x000000000000007b       0x7c FreeRTOS/portable/GCC/ARM_CM3/port.o
 .comment       0x000000000000007b       0x7c FreeRTOS/portable/MemMang/heap_4.o
 .comment       0x000000000000007b       0x7c RSA_Algorithm/RSA_Algorithm.o
 .comment       0x000000000000007b       0x7c STM32f103_Drivers/EXTI_DRIVER.o
 .comment       0x000000000000007b       0x7c STM32f103_Drivers/STM32F103C6_DMA.o
 .comment       0x000000000000007b       0x7c STM32f103_Drivers/STM32F103C6_USART_DRIVERS.o
 .comment       0x000000000000007b       0x7c Src/main.o

.debug_frame    0x0000000000000000     0x1828
 .debug_frame   0x0000000000000000       0xd8 FreeRTOS/list.o
 .debug_frame   0x00000000000000d8      0x33c FreeRTOS/queue.o
 .debug_frame   0x0000000000000414      0x6a4 FreeRTOS/tasks.o
 .debug_frame   0x0000000000000ab8      0x160 FreeRTOS/portable/GCC/ARM_CM3/port.o
 .debug_frame   0x0000000000000c18      0x12c FreeRTOS/portable/MemMang/heap_4.o
 .debug_frame   0x0000000000000d44      0x128 RSA_Algorithm/RSA_Algorithm.o
 .debug_frame   0x0000000000000e6c      0x1b4 STM32f103_Drivers/EXTI_DRIVER.o
 .debug_frame   0x0000000000001020       0xd4 STM32f103_Drivers/STM32F103C6_DMA.o
 .debug_frame   0x00000000000010f4      0x170 STM32f103_Drivers/STM32F103C6_USART_DRIVERS.o
 .debug_frame   0x0000000000001264       0xb0 Src/main.o
 .debug_frame   0x0000000000001314       0x20 c:/st/stm32cubeide_1.4.0/stm32cubeide/plugins/com.st.stm32cube.ide.mcu.externaltools.gnu-tools-for-stm32.7-2018-q2-update.win32_1.4.0.202007081208/tools/bin/../lib/gcc/arm-none-eabi/7.3.1/../../../../arm-none-eabi/lib/thumb/v7-m\libc_nano.a(lib_a-errno.o)
 .debug_frame   0x0000000000001334       0x2c c:/st/stm32cubeide_1.4.0/stm32cubeide/plugins/com.st.stm32cube.ide.mcu.externaltools.gnu-tools-for-stm32.7-2018-q2-update.win32_1.4.0.202007081208/tools/bin/../lib/gcc/arm-none-eabi/7.3.1/../../../../arm-none-eabi/lib/thumb/v7-m\libc_nano.a(lib_a-init.o)
 .debug_frame   0x0000000000001360       0x28 c:/st/stm32cubeide_1.4.0/stm32cubeide/plugins/com.st.stm32cube.ide.mcu.externaltools.gnu-tools-for-stm32.7-2018-q2-update.win32_1.4.0.202007081208/tools/bin/../lib/gcc/arm-none-eabi/7.3.1/../../../../arm-none-eabi/lib/thumb/v7-m\libc_nano.a(lib_a-memcpy-stub.o)
 .debug_frame   0x0000000000001388       0x20 c:/st/stm32cubeide_1.4.0/stm32cubeide/plugins/com.st.stm32cube.ide.mcu.externaltools.gnu-tools-for-stm32.7-2018-q2-update.win32_1.4.0.202007081208/tools/bin/../lib/gcc/arm-none-eabi/7.3.1/../../../../arm-none-eabi/lib/thumb/v7-m\libc_nano.a(lib_a-memset.o)
 .debug_frame   0x00000000000013a8       0x40 c:/st/stm32cubeide_1.4.0/stm32cubeide/plugins/com.st.stm32cube.ide.mcu.externaltools.gnu-tools-for-stm32.7-2018-q2-update.win32_1.4.0.202007081208/tools/bin/../lib/gcc/arm-none-eabi/7.3.1/../../../../arm-none-eabi/lib/thumb/v7-m\libm.a(lib_a-w_fmod.o)
 .debug_frame   0x00000000000013e8       0x40 c:/st/stm32cubeide_1.4.0/stm32cubeide/plugins/com.st.stm32cube.ide.mcu.externaltools.gnu-tools-for-stm32.7-2018-q2-update.win32_1.4.0.202007081208/tools/bin/../lib/gcc/arm-none-eabi/7.3.1/../../../../arm-none-eabi/lib/thumb/v7-m\libm.a(lib_a-w_pow.o)
 .debug_frame   0x0000000000001428       0x34 c:/st/stm32cubeide_1.4.0/stm32cubeide/plugins/com.st.stm32cube.ide.mcu.externaltools.gnu-tools-for-stm32.7-2018-q2-update.win32_1.4.0.202007081208/tools/bin/../lib/gcc/arm-none-eabi/7.3.1/../../../../arm-none-eabi/lib/thumb/v7-m\libm.a(lib_a-e_fmod.o)
 .debug_frame   0x000000000000145c       0x64 c:/st/stm32cubeide_1.4.0/stm32cubeide/plugins/com.st.stm32cube.ide.mcu.externaltools.gnu-tools-for-stm32.7-2018-q2-update.win32_1.4.0.202007081208/tools/bin/../lib/gcc/arm-none-eabi/7.3.1/../../../../arm-none-eabi/lib/thumb/v7-m\libm.a(lib_a-e_pow.o)
 .debug_frame   0x00000000000014c0       0x30 c:/st/stm32cubeide_1.4.0/stm32cubeide/plugins/com.st.stm32cube.ide.mcu.externaltools.gnu-tools-for-stm32.7-2018-q2-update.win32_1.4.0.202007081208/tools/bin/../lib/gcc/arm-none-eabi/7.3.1/../../../../arm-none-eabi/lib/thumb/v7-m\libm.a(lib_a-e_sqrt.o)
 .debug_frame   0x00000000000014f0       0x20 c:/st/stm32cubeide_1.4.0/stm32cubeide/plugins/com.st.stm32cube.ide.mcu.externaltools.gnu-tools-for-stm32.7-2018-q2-update.win32_1.4.0.202007081208/tools/bin/../lib/gcc/arm-none-eabi/7.3.1/../../../../arm-none-eabi/lib/thumb/v7-m\libm.a(lib_a-s_fabs.o)
 .debug_frame   0x0000000000001510       0x20 c:/st/stm32cubeide_1.4.0/stm32cubeide/plugins/com.st.stm32cube.ide.mcu.externaltools.gnu-tools-for-stm32.7-2018-q2-update.win32_1.4.0.202007081208/tools/bin/../lib/gcc/arm-none-eabi/7.3.1/../../../../arm-none-eabi/lib/thumb/v7-m\libm.a(lib_a-s_finite.o)
 .debug_frame   0x0000000000001530       0x20 c:/st/stm32cubeide_1.4.0/stm32cubeide/plugins/com.st.stm32cube.ide.mcu.externaltools.gnu-tools-for-stm32.7-2018-q2-update.win32_1.4.0.202007081208/tools/bin/../lib/gcc/arm-none-eabi/7.3.1/../../../../arm-none-eabi/lib/thumb/v7-m\libm.a(lib_a-s_matherr.o)
 .debug_frame   0x0000000000001550       0x20 c:/st/stm32cubeide_1.4.0/stm32cubeide/plugins/com.st.stm32cube.ide.mcu.externaltools.gnu-tools-for-stm32.7-2018-q2-update.win32_1.4.0.202007081208/tools/bin/../lib/gcc/arm-none-eabi/7.3.1/../../../../arm-none-eabi/lib/thumb/v7-m\libm.a(lib_a-s_nan.o)
 .debug_frame   0x0000000000001570       0x34 c:/st/stm32cubeide_1.4.0/stm32cubeide/plugins/com.st.stm32cube.ide.mcu.externaltools.gnu-tools-for-stm32.7-2018-q2-update.win32_1.4.0.202007081208/tools/bin/../lib/gcc/arm-none-eabi/7.3.1/../../../../arm-none-eabi/lib/thumb/v7-m\libm.a(lib_a-s_rint.o)
 .debug_frame   0x00000000000015a4       0x30 c:/st/stm32cubeide_1.4.0/stm32cubeide/plugins/com.st.stm32cube.ide.mcu.externaltools.gnu-tools-for-stm32.7-2018-q2-update.win32_1.4.0.202007081208/tools/bin/../lib/gcc/arm-none-eabi/7.3.1/../../../../arm-none-eabi/lib/thumb/v7-m\libm.a(lib_a-s_scalbn.o)
 .debug_frame   0x00000000000015d4       0x2c c:/st/stm32cubeide_1.4.0/stm32cubeide/plugins/com.st.stm32cube.ide.mcu.externaltools.gnu-tools-for-stm32.7-2018-q2-update.win32_1.4.0.202007081208/tools/bin/../lib/gcc/arm-none-eabi/7.3.1/../../../../arm-none-eabi/lib/thumb/v7-m\libm.a(lib_a-s_copysign.o)
 .debug_frame   0x0000000000001600       0xac c:/st/stm32cubeide_1.4.0/stm32cubeide/plugins/com.st.stm32cube.ide.mcu.externaltools.gnu-tools-for-stm32.7-2018-q2-update.win32_1.4.0.202007081208/tools/bin/../lib/gcc/arm-none-eabi/7.3.1/thumb/v7-m\libgcc.a(_arm_addsubdf3.o)
 .debug_frame   0x00000000000016ac       0x50 c:/st/stm32cubeide_1.4.0/stm32cubeide/plugins/com.st.stm32cube.ide.mcu.externaltools.gnu-tools-for-stm32.7-2018-q2-update.win32_1.4.0.202007081208/tools/bin/../lib/gcc/arm-none-eabi/7.3.1/thumb/v7-m\libgcc.a(_arm_muldivdf3.o)
 .debug_frame   0x00000000000016fc       0xc4 c:/st/stm32cubeide_1.4.0/stm32cubeide/plugins/com.st.stm32cube.ide.mcu.externaltools.gnu-tools-for-stm32.7-2018-q2-update.win32_1.4.0.202007081208/tools/bin/../lib/gcc/arm-none-eabi/7.3.1/thumb/v7-m\libgcc.a(_arm_cmpdf2.o)
 .debug_frame   0x00000000000017c0       0x20 c:/st/stm32cubeide_1.4.0/stm32cubeide/plugins/com.st.stm32cube.ide.mcu.externaltools.gnu-tools-for-stm32.7-2018-q2-update.win32_1.4.0.202007081208/tools/bin/../lib/gcc/arm-none-eabi/7.3.1/thumb/v7-m\libgcc.a(_arm_unorddf2.o)
 .debug_frame   0x00000000000017e0       0x24 c:/st/stm32cubeide_1.4.0/stm32cubeide/plugins/com.st.stm32cube.ide.mcu.externaltools.gnu-tools-for-stm32.7-2018-q2-update.win32_1.4.0.202007081208/tools/bin/../lib/gcc/arm-none-eabi/7.3.1/thumb/v7-m\libgcc.a(_arm_fixdfsi.o)
 .debug_frame   0x0000000000001804       0x24 c:/st/stm32cubeide_1.4.0/stm32cubeide/plugins/com.st.stm32cube.ide.mcu.externaltools.gnu-tools-for-stm32.7-2018-q2-update.win32_1.4.0.202007081208/tools/bin/../lib/gcc/arm-none-eabi/7.3.1/thumb/v7-m\libgcc.a(_arm_fixunsdfsi.o)
