STM32F103C6_USART_DRIVERS.c:47:6:MCAL_UART_INIT	32	static
STM32F103C6_USART_DRIVERS.c:145:6:MCAL_UART_DeINIT	16	static
STM32F103C6_USART_DRIVERS.c:168:16:Which_UART	16	static
STM32F103C6_USART_DRIVERS.c:183:6:MCAL_UART_SEND_DATA	32	static
STM32F103C6_USART_DRIVERS.c:217:6:MCAL_UART_RECEIVE_DATA	32	static
STM32F103C6_USART_DRIVERS.c:260:6:MCAL_UART_GPIO_Set_Pins	24	static
STM32F103C6_USART_DRIVERS.c:378:6:MCAL_UART_WAIT_TC	16	static
STM32F103C6_USART_DRIVERS.c:393:6:USART1_IRQHandler	8	static
STM32F103C6_USART_DRIVERS.c:399:6:USART2_IRQHandler	8	static
STM32F103C6_USART_DRIVERS.c:405:6:USART3_IRQHandler	8	static
